blesh-git
coreutils
glibc
pam
glib2
gvfs
stylepak-git
xdg-user-dirs
xdg-user-dirs-gtk
xdg-desktop-portal
xdg-desktop-portal-gtk
xdg-desktop-portal-hyprland
archlinux-xdg-menu
networkmanager
network-manager-applet
power-profiles-daemon
upower
snapper
stow
rsync
wget
curl
axel
jq
ripgrep
bc
parallel
imagemagick
pacman-contrib
trash-cli-git
pamixer
amdgpu_top
downgrade
fish
pipewire
bluez
bluez-utils
blueman
brightnessctl
udiskie
yad
localsend
haruna
loupe
mission-center
boxbuddy
yazi
zen-browser-bin
python-pywal16

#Window Manager
#--------------
hyprland
#dunst
rofi-wayland
waybar
swww
hyprlock
wlogout
grim
grimblast
hyprpicker
slurp
satty
cliphist
hyprsunset
hypridle
python-pyamdgpuinfo
swayosd

#Development Tools
#-----------------
cmake
meson
npm
typescript
go
gjs
python-build
python-setuptools-scm
python-wheel
shellcheck
lua-language-server

lua51
luarocks
visual-studio-code-bin
github-desktop-bin

#Dependencies
#------------
hyprpolkitagent
pacman-contrib
imagemagick
ffmpegthumbs
libnotify
noto-fonts-emoji
ttf-font-awesome

#Theming
#-------
nwg-look

#Applications
#------------
firefox
kitty
unzip
code
fzf

#Neovim

#------
neovim
lua51
luarocks
shellcheck
lua-language-server

#Shell
#-----
eza
starship
fastfetch
bat
fd
ripgrep
dua-cli
duf

#Gaming
#------
steam
gamemode
mangohud
gamescope
cachyos-gaming-meta
cachyos-gaming-applications
gpu-screen-recorder
gpu-screen-recorder-ui
protontricks
winetricks

#Fonts
#-----
adwaita-fonts
awesome-terminal-fonts
cantarell-fonts
noto-fonts-emoji
ttf-font-awesome
ttf-nerd-fonts-symbols
ttf-hack-nerd
ttf-fantasque-nerd
ttf-jetbrains-mono-nerd

#File Manager
#------------
nautilus

#Python Libraries
#----------------
python-pillow
python-psutil
python-pywalfox
python-pywayland
python-libsass

#Audio
#-----
pipewire
pipewire-alsa
pipewire-audio
pipewire-jack
pipewire-pulse
gst-plugin-pipewire
pavucontrol
pamixer

#Display / Wayland / Hyprland Tools
#----------------------------------
hyprland
hypridle
hyprlock
hyprpicker
rofi-wayland
swww
wf-recorder
slurp
swappy
overskride
ghostty
foot
playerctl
cava
waybar
satty

#Miscellaneous / Tools
#---------------------
tesseract
tesseract-data-eng
tesseract-data-ara
wl-clipboard
wev
lsix
chafa
tree
gtk-engine-murrine
stylepak-git
everforest-gtk-theme-git
catppuccin-gtk-theme-mocha
colloid-everforest-gtk-theme-git
ttf-firacode-nerd
nodejs-material-design-icons
imv
bash-language-server
proxychains-ng
gallery-dl
woff2-material-symbols-variable-git
tela-circle-icon-theme
hyprshot
matugen-bin
sway-audio-idle-inhibit-git
swaync
wf-recorder
foot
cliphist
ttf-nerd-fonts-symbols
ttf-nerd-fonts-symbols-common
discord
vesktop
ntfs-3g
noto-color-emoji-fontconfig
noto-fonts
noto-fonts-cjk
noto-fonts-emoji
