#System
#------
coreutils
glibc
pam
glib2
gvfs
xdg-user-dirs
xdg-user-dirs-gtk
xdg-desktop-portal
xdg-desktop-portal-gtk
xdg-desktop-portal-hyprland
archlinux-xdg-menu
networkmanager
network-manager-applet
power-profiles-daemon
upower
snapper
stow
rsync
wget
curl
axel
jq
ripgrep
bc
parallel
imagemagick
pacman-contrib
trash-cli-git
pamixer
amdgpu_top
downgrade
fish
pipewire
bluez
bluez-utils
blueman
brightnessctl
udiskie
yad
localsend
haruna
loupe
mission-center
boxbuddy
yazi
zen-browser-bin
python-pywal

#Window Manager
#--------------
hyprland
dunst
rofi-wayland
waybar
swww
hyprlock
wlogout
grim
hyprpicker
slurp
satty
cliphist
hyprsunset
hypridle
python-pyamdgpuinfo
swayosd

#Development Tools
#-----------------
cmake
meson
npm
typescript
go
gjs
python-build
python-setuptools-scm
python-wheel
shellcheck
lua-language-server
neovim
lua51
luarocks
visual-studio-code-bin
github-desktop-bin

#Dependencies
#------------
hyprpolkitagent
pacman-contrib
imagemagick
ffmpegthumbs
libnotify
noto-fonts-emoji
ttf-font-awesome

#Theming
#-------
nwg-look

#Applications
#------------
firefox
kitty
unzip
neovim
code
fzf

Neovim
------
neovim
lua51
luarocks
shellcheck
lua-language-server

Shell
-----
eza
starship
fastfetch
bat
fd
ripgrep
dua-cli
duf

#Gaming
#------
steam
gamemode
mangohud
gamescope
cachyos-gaming-meta
cachyos-gaming-applications
gpu-screen-recorder
gpu-screen-recorder-ui
protontricks
winetricks



#Fonts
#-----
adwaita-fonts
awesome-terminal-fonts
cantarell-fonts
noto-fonts-emoji
ttf-font-awesome
ttf-nerd-fonts-symbols
ttf-hack-nerd
ttf-fantasque-nerd
ttf-jetbrains-mono-nerd

#File Manager
#------------
nautilus

#Python Libraries
#----------------
python-pillow
python-psutil
python-pywal
python-pywalfox
python-pywayland
python-libsass

#Audio
#-----
pipewire
pipewire-alsa
pipewire-audio
pipewire-jack
pipewire-pulse
gst-plugin-pipewire
pavucontrol
pamixer

#Display / Wayland / Hyprland Tools
#----------------------------------
hyprland
hypridle
hyprlock
hyprpicker
rofi-wayland
swww
wf-recorder
grim
slurp
swappy
overskride
ghostty
foot
playerctl
cava
waybar
satty

#Miscellaneous / Tools
#---------------------
tesseract
tesseract-data-eng
tesseract-data-script-latin
grimshot
wl-clipboard
wev
