blesh-git
coreutils
glibc
pam
glib2
gvfs
stylepak-git
xdg-user-dirs
xdg-user-dirs-gtk
xdg-desktop-portal
xdg-desktop-portal-gtk
xdg-desktop-portal-hyprland
archlinux-xdg-menu
networkmanager
network-manager-applet
power-profiles-daemon
upower
snapper
stow
rsync
wget
curl
axel
jq
ripgrep
bc
parallel
imagemagick
pacman-contrib
trash-cli-git
pamixer
amdgpu_top
downgrade
fish
pipewire
bluez
bluez-utils
blueman
brightnessctl
udiskie
yad
localsend
haruna
loupe
mission-center
boxbuddy
yazi
python-pywal16

#Window Manager
#--------------
hyprland
#dunst
rofi-wayland
waybar
swww
hyprlock
wlogout
grim
grimblast
hyprpicker
slurp
satty
cliphist
hyprsunset
hypridle
python-pyamdgpuinfo
swayosd
#Development Tools
#-----------------
cmake
meson
npm
typescript
go
shellcheck
lua-language-server
lua51
luarocks
visual-studio-code-bin
#Dependencies
#------------
hyprpolkitagent
ffmpegthumbs
libnotify
#Theming
#-------
nwg-look
#Applications
#------------
firefox
kitty
unzip
code
fzf
#Neovim
#------
neovim
#Shell
#-----
eza
starship
fastfetch
bat
fd
dua-cli
duf
#Gaming
#------
steam
gamemode
mangohud
gamescope
cachyos-gaming-meta
cachyos-gaming-applications
gpu-screen-recorder
gpu-screen-recorder-ui
protontricks
winetricks
#Fonts
#-----
adwaita-fonts
awesome-terminal-fonts
cantarell-fonts
noto-fonts-emoji
ttf-nerd-fonts-symbols
ttf-nerd-fonts-symbols-common
noto-color-emoji-fontconfig
noto-fonts
noto-fonts-cjk
otf-font-awesome
ttf-hack-nerd
ttf-fantasque-nerd
ttf-jetbrains-mono-nerd
ttf-0xproto-nerd
#File Manager
#------------
nautilus
#Python Libraries
#----------------
python-pillow
python-psutil
python-pywalfox
python-pywayland
python-libsass
#Audio
#-----
pipewire-alsa
pipewire-audio
pipewire-jack
pipewire-pulse
gst-plugin-pipewire
pavucontrol
#Display / Wayland / Hyprland Tools
#----------------------------------
wf-recorder
swappy
overskride
ghostty
foot
playerctl
cava
#Miscellaneous / Tools
#---------------------
tesseract
tesseract-data-eng
tesseract-data-ara
wl-clipboard
wev
lsix
chafa
tree
gtk-engine-murrine
ttf-firacode-nerd
nodejs-material-design-icons
imv
bash-language-server
proxychains-ng
gallery-dl
woff2-material-symbols-variable-git
hyprshot
matugen-bin
sway-audio-idle-inhibit-git
swaync
discord
vesktop
ntfs-3g
lazygit
